[debug] [2026-04-08T01:13:00.704Z] ----------------------------------------------------------------------
[debug] [2026-04-08T01:13:00.705Z] Command:       /Users/alexirving/.nvm/versions/node/v20.20.2/bin/node /Users/alexirving/.nvm/versions/node/v20.20.2/bin/firebase deploy --only functions
[debug] [2026-04-08T01:13:00.705Z] CLI Version:   15.13.0
[debug] [2026-04-08T01:13:00.705Z] Platform:      darwin
[debug] [2026-04-08T01:13:00.705Z] Node Version:  v20.20.2
[debug] [2026-04-08T01:13:00.705Z] Time:          Tue Apr 07 2026 22:13:00 GMT-0300 (Atlantic Daylight Time)
[debug] [2026-04-08T01:13:00.705Z] ----------------------------------------------------------------------
[debug] 
[debug] [2026-04-08T01:13:01.373Z] > command requires scopes: ["email","openid","https://www.googleapis.com/auth/cloudplatformprojects.readonly","https://www.googleapis.com/auth/firebase","https://www.googleapis.com/auth/cloud-platform"]
[debug] [2026-04-08T01:13:01.373Z] > authorizing via signed-in user (alexirving10@gmail.com)
[debug] [2026-04-08T01:13:01.373Z] [iam] checking project gameify-ctv for permissions ["cloudfunctions.functions.create","cloudfunctions.functions.delete","cloudfunctions.functions.get","cloudfunctions.functions.list","cloudfunctions.functions.update","cloudfunctions.operations.get","firebase.projects.get"]
[debug] [2026-04-08T01:13:01.374Z] Checked if tokens are valid: true, expires at: 1775614237584
[debug] [2026-04-08T01:13:01.374Z] Checked if tokens are valid: true, expires at: 1775614237584
[debug] [2026-04-08T01:13:01.374Z] >>> [apiv2][query] POST https://cloudresourcemanager.googleapis.com/v1/projects/gameify-ctv:testIamPermissions [none]
[debug] [2026-04-08T01:13:01.374Z] >>> [apiv2][(partial)header] POST https://cloudresourcemanager.googleapis.com/v1/projects/gameify-ctv:testIamPermissions  x-goog-user-project=gameify-ctv
[debug] [2026-04-08T01:13:01.374Z] >>> [apiv2][body] POST https://cloudresourcemanager.googleapis.com/v1/projects/gameify-ctv:testIamPermissions {"permissions":["cloudfunctions.functions.create","cloudfunctions.functions.delete","cloudfunctions.functions.get","cloudfunctions.functions.list","cloudfunctions.functions.update","cloudfunctions.operations.get","firebase.projects.get"]}
[debug] [2026-04-08T01:13:01.696Z] <<< [apiv2][status] POST https://cloudresourcemanager.googleapis.com/v1/projects/gameify-ctv:testIamPermissions 200
[debug] [2026-04-08T01:13:01.696Z] <<< [apiv2][body] POST https://cloudresourcemanager.googleapis.com/v1/projects/gameify-ctv:testIamPermissions {"permissions":["cloudfunctions.functions.create","cloudfunctions.functions.delete","cloudfunctions.functions.get","cloudfunctions.functions.list","cloudfunctions.functions.update","cloudfunctions.operations.get","firebase.projects.get"]}
[debug] [2026-04-08T01:13:01.697Z] Checked if tokens are valid: true, expires at: 1775614237584
[debug] [2026-04-08T01:13:01.697Z] Checked if tokens are valid: true, expires at: 1775614237584
[debug] [2026-04-08T01:13:01.697Z] >>> [apiv2][query] POST https://iam.googleapis.com/v1/projects/gameify-ctv/serviceAccounts/gameify-ctv@appspot.gserviceaccount.com:testIamPermissions [none]
[debug] [2026-04-08T01:13:01.697Z] >>> [apiv2][body] POST https://iam.googleapis.com/v1/projects/gameify-ctv/serviceAccounts/gameify-ctv@appspot.gserviceaccount.com:testIamPermissions {"permissions":["iam.serviceAccounts.actAs"]}
[debug] [2026-04-08T01:13:02.019Z] <<< [apiv2][status] POST https://iam.googleapis.com/v1/projects/gameify-ctv/serviceAccounts/gameify-ctv@appspot.gserviceaccount.com:testIamPermissions 404
[debug] [2026-04-08T01:13:02.020Z] <<< [apiv2][body] POST https://iam.googleapis.com/v1/projects/gameify-ctv/serviceAccounts/gameify-ctv@appspot.gserviceaccount.com:testIamPermissions {"error":{"code":404,"message":"Unknown service account","status":"NOT_FOUND"}}
[debug] [2026-04-08T01:13:02.020Z] [functions] service account IAM check errored, deploy may fail: Request to https://iam.googleapis.com/v1/projects/gameify-ctv/serviceAccounts/gameify-ctv@appspot.gserviceaccount.com:testIamPermissions had HTTP Error: 404, Unknown service account {"name":"FirebaseError","children":[],"context":{"body":{"error":{"code":404,"message":"Unknown service account","status":"NOT_FOUND"}},"response":{"statusCode":404}},"exit":1,"message":"Request to https://iam.googleapis.com/v1/projects/gameify-ctv/serviceAccounts/gameify-ctv@appspot.gserviceaccount.com:testIamPermissions had HTTP Error: 404, Unknown service account","status":404}
[info] 
[info] === Deploying to 'gameify-ctv'...
[info] 
[info] i  deploying functions 
[debug] [2026-04-08T01:13:02.025Z] Checked if tokens are valid: true, expires at: 1775614237584
[debug] [2026-04-08T01:13:02.026Z] Checked if tokens are valid: true, expires at: 1775614237584
[debug] [2026-04-08T01:13:02.026Z] >>> [apiv2][query] GET https://serviceusage.googleapis.com/v1/projects/gameify-ctv/services/cloudresourcemanager.googleapis.com [none]
[debug] [2026-04-08T01:13:02.026Z] >>> [apiv2][(partial)header] GET https://serviceusage.googleapis.com/v1/projects/gameify-ctv/services/cloudresourcemanager.googleapis.com  x-goog-user-project=gameify-ctv
[debug] [2026-04-08T01:13:02.510Z] <<< [apiv2][status] GET https://serviceusage.googleapis.com/v1/projects/gameify-ctv/services/cloudresourcemanager.googleapis.com 200
[debug] [2026-04-08T01:13:02.510Z] <<< [apiv2][body] GET https://serviceusage.googleapis.com/v1/projects/gameify-ctv/services/cloudresourcemanager.googleapis.com [omitted]
[debug] [2026-04-08T01:13:02.518Z] Checked if tokens are valid: true, expires at: 1775614237584
[debug] [2026-04-08T01:13:02.518Z] Checked if tokens are valid: true, expires at: 1775614237584
[debug] [2026-04-08T01:13:02.518Z] >>> [apiv2][query] GET https://cloudresourcemanager.googleapis.com/v1/projects/gameify-ctv [none]
[debug] [2026-04-08T01:13:02.634Z] <<< [apiv2][status] GET https://cloudresourcemanager.googleapis.com/v1/projects/gameify-ctv 200
[debug] [2026-04-08T01:13:02.635Z] <<< [apiv2][body] GET https://cloudresourcemanager.googleapis.com/v1/projects/gameify-ctv {"projectNumber":"37344511156","projectId":"gameify-ctv","lifecycleState":"ACTIVE","name":"gameify-ctv","labels":{"firebase":"enabled","firebase-core":"disabled"},"createTime":"2026-04-07T01:25:59.267Z"}
[info] i  functions: preparing codebase default for deployment 
[info] i  functions: ensuring required API cloudfunctions.googleapis.com is enabled... 
[debug] [2026-04-08T01:13:02.635Z] Checked if tokens are valid: true, expires at: 1775614237584
[debug] [2026-04-08T01:13:02.635Z] Checked if tokens are valid: true, expires at: 1775614237584
[debug] [2026-04-08T01:13:02.636Z] Checked if tokens are valid: true, expires at: 1775614237584
[debug] [2026-04-08T01:13:02.636Z] Checked if tokens are valid: true, expires at: 1775614237584
[info] i  functions: ensuring required API cloudbuild.googleapis.com is enabled... 
[debug] [2026-04-08T01:13:02.636Z] Checked if tokens are valid: true, expires at: 1775614237584
[debug] [2026-04-08T01:13:02.636Z] Checked if tokens are valid: true, expires at: 1775614237584
[info] i  artifactregistry: ensuring required API artifactregistry.googleapis.com is enabled... 
[debug] [2026-04-08T01:13:02.636Z] Checked if tokens are valid: true, expires at: 1775614237584
[debug] [2026-04-08T01:13:02.636Z] Checked if tokens are valid: true, expires at: 1775614237584
[debug] [2026-04-08T01:13:02.636Z] >>> [apiv2][query] GET https://serviceusage.googleapis.com/v1/projects/gameify-ctv/services/cloudfunctions.googleapis.com [none]
[debug] [2026-04-08T01:13:02.636Z] >>> [apiv2][(partial)header] GET https://serviceusage.googleapis.com/v1/projects/gameify-ctv/services/cloudfunctions.googleapis.com  x-goog-user-project=gameify-ctv
[debug] [2026-04-08T01:13:02.636Z] >>> [apiv2][query] GET https://serviceusage.googleapis.com/v1/projects/gameify-ctv/services/runtimeconfig.googleapis.com [none]
[debug] [2026-04-08T01:13:02.636Z] >>> [apiv2][(partial)header] GET https://serviceusage.googleapis.com/v1/projects/gameify-ctv/services/runtimeconfig.googleapis.com  x-goog-user-project=gameify-ctv
[debug] [2026-04-08T01:13:02.637Z] >>> [apiv2][query] GET https://serviceusage.googleapis.com/v1/projects/gameify-ctv/services/cloudbuild.googleapis.com [none]
[debug] [2026-04-08T01:13:02.637Z] >>> [apiv2][(partial)header] GET https://serviceusage.googleapis.com/v1/projects/gameify-ctv/services/cloudbuild.googleapis.com  x-goog-user-project=gameify-ctv
[debug] [2026-04-08T01:13:02.638Z] >>> [apiv2][query] GET https://serviceusage.googleapis.com/v1/projects/gameify-ctv/services/artifactregistry.googleapis.com [none]
[debug] [2026-04-08T01:13:02.638Z] >>> [apiv2][(partial)header] GET https://serviceusage.googleapis.com/v1/projects/gameify-ctv/services/artifactregistry.googleapis.com  x-goog-user-project=gameify-ctv
[debug] [2026-04-08T01:13:03.022Z] <<< [apiv2][status] GET https://serviceusage.googleapis.com/v1/projects/gameify-ctv/services/cloudfunctions.googleapis.com 200
[debug] [2026-04-08T01:13:03.023Z] <<< [apiv2][body] GET https://serviceusage.googleapis.com/v1/projects/gameify-ctv/services/cloudfunctions.googleapis.com [omitted]
[warn] ⚠  functions: missing required API cloudfunctions.googleapis.com. Enabling now... 
[debug] [2026-04-08T01:13:03.024Z] Checked if tokens are valid: true, expires at: 1775614237584
[debug] [2026-04-08T01:13:03.024Z] Checked if tokens are valid: true, expires at: 1775614237584
[debug] [2026-04-08T01:13:03.024Z] >>> [apiv2][query] POST https://serviceusage.googleapis.com/v1/projects/gameify-ctv/services/cloudfunctions.googleapis.com:enable [none]
[debug] [2026-04-08T01:13:03.024Z] >>> [apiv2][(partial)header] POST https://serviceusage.googleapis.com/v1/projects/gameify-ctv/services/cloudfunctions.googleapis.com:enable  x-goog-user-project=gameify-ctv
[debug] [2026-04-08T01:13:03.028Z] <<< [apiv2][status] GET https://serviceusage.googleapis.com/v1/projects/gameify-ctv/services/cloudbuild.googleapis.com 200
[debug] [2026-04-08T01:13:03.028Z] <<< [apiv2][body] GET https://serviceusage.googleapis.com/v1/projects/gameify-ctv/services/cloudbuild.googleapis.com [omitted]
[warn] ⚠  functions: missing required API cloudbuild.googleapis.com. Enabling now... 
[debug] [2026-04-08T01:13:03.028Z] Checked if tokens are valid: true, expires at: 1775614237584
[debug] [2026-04-08T01:13:03.028Z] Checked if tokens are valid: true, expires at: 1775614237584
[debug] [2026-04-08T01:13:03.029Z] >>> [apiv2][query] POST https://serviceusage.googleapis.com/v1/projects/gameify-ctv/services/cloudbuild.googleapis.com:enable [none]
[debug] [2026-04-08T01:13:03.029Z] >>> [apiv2][(partial)header] POST https://serviceusage.googleapis.com/v1/projects/gameify-ctv/services/cloudbuild.googleapis.com:enable  x-goog-user-project=gameify-ctv
[debug] [2026-04-08T01:13:03.038Z] <<< [apiv2][status] GET https://serviceusage.googleapis.com/v1/projects/gameify-ctv/services/runtimeconfig.googleapis.com 200
[debug] [2026-04-08T01:13:03.038Z] <<< [apiv2][body] GET https://serviceusage.googleapis.com/v1/projects/gameify-ctv/services/runtimeconfig.googleapis.com [omitted]
[debug] [2026-04-08T01:13:03.043Z] <<< [apiv2][status] GET https://serviceusage.googleapis.com/v1/projects/gameify-ctv/services/artifactregistry.googleapis.com 200
[debug] [2026-04-08T01:13:03.044Z] <<< [apiv2][body] GET https://serviceusage.googleapis.com/v1/projects/gameify-ctv/services/artifactregistry.googleapis.com [omitted]
[warn] ⚠  artifactregistry: missing required API artifactregistry.googleapis.com. Enabling now... 
[debug] [2026-04-08T01:13:03.044Z] Checked if tokens are valid: true, expires at: 1775614237584
[debug] [2026-04-08T01:13:03.044Z] Checked if tokens are valid: true, expires at: 1775614237584
[debug] [2026-04-08T01:13:03.044Z] >>> [apiv2][query] POST https://serviceusage.googleapis.com/v1/projects/gameify-ctv/services/artifactregistry.googleapis.com:enable [none]
[debug] [2026-04-08T01:13:03.044Z] >>> [apiv2][(partial)header] POST https://serviceusage.googleapis.com/v1/projects/gameify-ctv/services/artifactregistry.googleapis.com:enable  x-goog-user-project=gameify-ctv
[debug] [2026-04-08T01:13:03.528Z] <<< [apiv2][status] POST https://serviceusage.googleapis.com/v1/projects/gameify-ctv/services/cloudfunctions.googleapis.com:enable 200
[debug] [2026-04-08T01:13:03.529Z] <<< [apiv2][body] POST https://serviceusage.googleapis.com/v1/projects/gameify-ctv/services/cloudfunctions.googleapis.com:enable [omitted]
[debug] [2026-04-08T01:13:03.583Z] <<< [apiv2][status] POST https://serviceusage.googleapis.com/v1/projects/gameify-ctv/services/artifactregistry.googleapis.com:enable 200
[debug] [2026-04-08T01:13:03.583Z] <<< [apiv2][body] POST https://serviceusage.googleapis.com/v1/projects/gameify-ctv/services/artifactregistry.googleapis.com:enable [omitted]
[debug] [2026-04-08T01:13:03.638Z] <<< [apiv2][status] POST https://serviceusage.googleapis.com/v1/projects/gameify-ctv/services/cloudbuild.googleapis.com:enable 200
[debug] [2026-04-08T01:13:03.638Z] <<< [apiv2][body] POST https://serviceusage.googleapis.com/v1/projects/gameify-ctv/services/cloudbuild.googleapis.com:enable [omitted]
[debug] [2026-04-08T01:13:13.649Z] Checked if tokens are valid: true, expires at: 1775614237584
[debug] [2026-04-08T01:13:13.649Z] Checked if tokens are valid: true, expires at: 1775614237584
[debug] [2026-04-08T01:13:13.650Z] >>> [apiv2][query] GET https://firebase.googleapis.com/v1beta1/projects/gameify-ctv/adminSdkConfig [none]
[debug] [2026-04-08T01:13:13.923Z] <<< [apiv2][status] GET https://firebase.googleapis.com/v1beta1/projects/gameify-ctv/adminSdkConfig 200
[debug] [2026-04-08T01:13:13.923Z] <<< [apiv2][body] GET https://firebase.googleapis.com/v1beta1/projects/gameify-ctv/adminSdkConfig {"projectId":"gameify-ctv","storageBucket":"gameify-ctv.firebasestorage.app"}
[debug] [2026-04-08T01:13:13.924Z] Checked if tokens are valid: true, expires at: 1775614237584
[debug] [2026-04-08T01:13:13.924Z] Checked if tokens are valid: true, expires at: 1775614237584
[debug] [2026-04-08T01:13:13.924Z] >>> [apiv2][query] GET https://runtimeconfig.googleapis.com/v1beta1/projects/gameify-ctv/configs [none]
[debug] [2026-04-08T01:13:14.187Z] <<< [apiv2][status] GET https://runtimeconfig.googleapis.com/v1beta1/projects/gameify-ctv/configs 200
[debug] [2026-04-08T01:13:14.187Z] <<< [apiv2][body] GET https://runtimeconfig.googleapis.com/v1beta1/projects/gameify-ctv/configs {}
[debug] [2026-04-08T01:13:14.189Z] Validating nodejs source
[warn] ⚠  functions: Runtime Node.js 20 will be deprecated on 2026-04-30 and will be decommissioned on 2026-10-30, after which you will not be able to deploy without upgrading. Consider upgrading now to avoid disruption. See https://cloud.google.com/functions/docs/runtime-support for full details on the lifecycle policy 
[warn] ⚠  functions: package.json indicates an outdated version of firebase-functions. Please upgrade using npm install --save firebase-functions@latest in your functions directory. 
[warn] ⚠  functions: Please note that there will be breaking changes when you upgrade. 
[debug] [2026-04-08T01:13:14.578Z] > [functions] package.json contents: {
  "name": "gameify-backend-functions",
  "version": "1.0.0",
  "main": "index.js",
  "engines": {
    "node": "20"
  },
  "scripts": {
    "serve": "firebase emulators:start --only functions,firestore,auth",
    "deploy": "firebase deploy --only functions"
  },
  "dependencies": {
    "cors": "^2.8.5",
    "express": "^4.18.2",
    "firebase-admin": "^12.0.0",
    "firebase-functions": "^5.0.0",
    "uuid": "^9.0.0"
  }
}
[debug] [2026-04-08T01:13:14.578Z] Building nodejs source
[info] i  functions: Loading and analyzing source code for codebase default to determine what to deploy 
[debug] [2026-04-08T01:13:14.579Z] Could not find functions.yaml. Must use http discovery
[debug] [2026-04-08T01:13:14.585Z] Found firebase-functions binary at '/Users/alexirving/Documents/gameify-backend-services/functions/node_modules/.bin/firebase-functions'
[info] Serving at port 8603

[debug] [2026-04-08T01:13:14.899Z] Got response from /__/functions.yaml {"endpoints":{"api":{"availableMemoryMb":null,"timeoutSeconds":null,"minInstances":null,"maxInstances":null,"ingressSettings":null,"concurrency":null,"serviceAccountEmail":null,"vpc":null,"platform":"gcfv2","region":["us-central1"],"labels":{},"httpsTrigger":{},"entryPoint":"api"}},"specVersion":"v1alpha1","requiredAPIs":[],"extensions":{}}
[info] i  extensions: ensuring required API firebaseextensions.googleapis.com is enabled... 
[debug] [2026-04-08T01:13:18.916Z] Checked if tokens are valid: true, expires at: 1775614237584
[debug] [2026-04-08T01:13:18.916Z] Checked if tokens are valid: true, expires at: 1775614237584
[debug] [2026-04-08T01:13:18.916Z] >>> [apiv2][query] GET https://serviceusage.googleapis.com/v1/projects/gameify-ctv/services/firebaseextensions.googleapis.com [none]
[debug] [2026-04-08T01:13:18.916Z] >>> [apiv2][(partial)header] GET https://serviceusage.googleapis.com/v1/projects/gameify-ctv/services/firebaseextensions.googleapis.com  x-goog-user-project=gameify-ctv
[debug] [2026-04-08T01:13:19.359Z] <<< [apiv2][status] GET https://serviceusage.googleapis.com/v1/projects/gameify-ctv/services/firebaseextensions.googleapis.com 200
[debug] [2026-04-08T01:13:19.360Z] <<< [apiv2][body] GET https://serviceusage.googleapis.com/v1/projects/gameify-ctv/services/firebaseextensions.googleapis.com [omitted]
[warn] ⚠  extensions: missing required API firebaseextensions.googleapis.com. Enabling now... 
[debug] [2026-04-08T01:13:19.360Z] Checked if tokens are valid: true, expires at: 1775614237584
[debug] [2026-04-08T01:13:19.360Z] Checked if tokens are valid: true, expires at: 1775614237584
[debug] [2026-04-08T01:13:19.360Z] >>> [apiv2][query] POST https://serviceusage.googleapis.com/v1/projects/gameify-ctv/services/firebaseextensions.googleapis.com:enable [none]
[debug] [2026-04-08T01:13:19.360Z] >>> [apiv2][(partial)header] POST https://serviceusage.googleapis.com/v1/projects/gameify-ctv/services/firebaseextensions.googleapis.com:enable  x-goog-user-project=gameify-ctv
[debug] [2026-04-08T01:13:20.014Z] <<< [apiv2][status] POST https://serviceusage.googleapis.com/v1/projects/gameify-ctv/services/firebaseextensions.googleapis.com:enable 200
[debug] [2026-04-08T01:13:20.015Z] <<< [apiv2][body] POST https://serviceusage.googleapis.com/v1/projects/gameify-ctv/services/firebaseextensions.googleapis.com:enable [omitted]
[debug] [2026-04-08T01:13:30.034Z] > command requires scopes: ["email","openid","https://www.googleapis.com/auth/cloudplatformprojects.readonly","https://www.googleapis.com/auth/firebase","https://www.googleapis.com/auth/cloud-platform"]
[debug] [2026-04-08T01:13:30.034Z] > authorizing via signed-in user (alexirving10@gmail.com)
[debug] [2026-04-08T01:13:30.035Z] [iam] checking project gameify-ctv for permissions ["firebase.projects.get","firebaseextensions.instances.list"]
[debug] [2026-04-08T01:13:30.035Z] Checked if tokens are valid: true, expires at: 1775614237584
[debug] [2026-04-08T01:13:30.035Z] Checked if tokens are valid: true, expires at: 1775614237584
[debug] [2026-04-08T01:13:30.035Z] >>> [apiv2][query] POST https://cloudresourcemanager.googleapis.com/v1/projects/gameify-ctv:testIamPermissions [none]
[debug] [2026-04-08T01:13:30.035Z] >>> [apiv2][(partial)header] POST https://cloudresourcemanager.googleapis.com/v1/projects/gameify-ctv:testIamPermissions  x-goog-user-project=gameify-ctv
[debug] [2026-04-08T01:13:30.035Z] >>> [apiv2][body] POST https://cloudresourcemanager.googleapis.com/v1/projects/gameify-ctv:testIamPermissions {"permissions":["firebase.projects.get","firebaseextensions.instances.list"]}
[debug] [2026-04-08T01:13:30.190Z] <<< [apiv2][status] POST https://cloudresourcemanager.googleapis.com/v1/projects/gameify-ctv:testIamPermissions 200
[debug] [2026-04-08T01:13:30.191Z] <<< [apiv2][body] POST https://cloudresourcemanager.googleapis.com/v1/projects/gameify-ctv:testIamPermissions {"permissions":["firebase.projects.get","firebaseextensions.instances.list"]}
[debug] [2026-04-08T01:13:30.192Z] Checked if tokens are valid: true, expires at: 1775614237584
[debug] [2026-04-08T01:13:30.192Z] Checked if tokens are valid: true, expires at: 1775614237584
[debug] [2026-04-08T01:13:30.193Z] >>> [apiv2][query] GET https://firebaseextensions.googleapis.com/v1beta/projects/gameify-ctv/instances pageSize=100&pageToken=
[debug] [2026-04-08T01:13:31.824Z] <<< [apiv2][status] GET https://firebaseextensions.googleapis.com/v1beta/projects/gameify-ctv/instances 200
[debug] [2026-04-08T01:13:31.825Z] <<< [apiv2][body] GET https://firebaseextensions.googleapis.com/v1beta/projects/gameify-ctv/instances {}
[info] i  functions: preparing functions directory for uploading... 
[info] i  functions: packaged /Users/alexirving/Documents/gameify-backend-services/functions (38.37 KB) for uploading 
[debug] [2026-04-08T01:13:31.867Z] Checked if tokens are valid: true, expires at: 1775614237584
[debug] [2026-04-08T01:13:31.867Z] Checked if tokens are valid: true, expires at: 1775614237584
[debug] [2026-04-08T01:13:31.867Z] >>> [apiv2][query] GET https://cloudfunctions.googleapis.com/v1/projects/gameify-ctv/locations/-/functions [none]
[debug] [2026-04-08T01:13:32.495Z] <<< [apiv2][status] GET https://cloudfunctions.googleapis.com/v1/projects/gameify-ctv/locations/-/functions 200
[debug] [2026-04-08T01:13:32.495Z] <<< [apiv2][body] GET https://cloudfunctions.googleapis.com/v1/projects/gameify-ctv/locations/-/functions {}
[debug] [2026-04-08T01:13:32.496Z] Checked if tokens are valid: true, expires at: 1775614237584
[debug] [2026-04-08T01:13:32.496Z] Checked if tokens are valid: true, expires at: 1775614237584
[debug] [2026-04-08T01:13:32.496Z] >>> [apiv2][query] GET https://cloudfunctions.googleapis.com/v2/projects/gameify-ctv/locations/-/functions filter=environment%3D%22GEN_2%22
[debug] [2026-04-08T01:13:32.988Z] <<< [apiv2][status] GET https://cloudfunctions.googleapis.com/v2/projects/gameify-ctv/locations/-/functions 200
[debug] [2026-04-08T01:13:32.989Z] <<< [apiv2][body] GET https://cloudfunctions.googleapis.com/v2/projects/gameify-ctv/locations/-/functions {}
[info] i  functions: ensuring required API run.googleapis.com is enabled... 
[debug] [2026-04-08T01:13:32.990Z] Checked if tokens are valid: true, expires at: 1775614237584
[debug] [2026-04-08T01:13:32.990Z] Checked if tokens are valid: true, expires at: 1775614237584
[info] i  functions: ensuring required API eventarc.googleapis.com is enabled... 
[debug] [2026-04-08T01:13:32.991Z] Checked if tokens are valid: true, expires at: 1775614237584
[debug] [2026-04-08T01:13:32.991Z] Checked if tokens are valid: true, expires at: 1775614237584
[info] i  functions: ensuring required API pubsub.googleapis.com is enabled... 
[debug] [2026-04-08T01:13:32.991Z] Checked if tokens are valid: true, expires at: 1775614237584
[debug] [2026-04-08T01:13:32.991Z] Checked if tokens are valid: true, expires at: 1775614237584
[info] i  functions: ensuring required API storage.googleapis.com is enabled... 
[debug] [2026-04-08T01:13:32.991Z] Checked if tokens are valid: true, expires at: 1775614237584
[debug] [2026-04-08T01:13:32.991Z] Checked if tokens are valid: true, expires at: 1775614237584
[debug] [2026-04-08T01:13:32.991Z] >>> [apiv2][query] GET https://serviceusage.googleapis.com/v1/projects/37344511156/services/run.googleapis.com [none]
[debug] [2026-04-08T01:13:32.991Z] >>> [apiv2][(partial)header] GET https://serviceusage.googleapis.com/v1/projects/37344511156/services/run.googleapis.com  x-goog-user-project=37344511156
[debug] [2026-04-08T01:13:32.992Z] >>> [apiv2][query] GET https://serviceusage.googleapis.com/v1/projects/37344511156/services/eventarc.googleapis.com [none]
[debug] [2026-04-08T01:13:32.992Z] >>> [apiv2][(partial)header] GET https://serviceusage.googleapis.com/v1/projects/37344511156/services/eventarc.googleapis.com  x-goog-user-project=37344511156
[debug] [2026-04-08T01:13:32.993Z] >>> [apiv2][query] GET https://serviceusage.googleapis.com/v1/projects/37344511156/services/pubsub.googleapis.com [none]
[debug] [2026-04-08T01:13:32.993Z] >>> [apiv2][(partial)header] GET https://serviceusage.googleapis.com/v1/projects/37344511156/services/pubsub.googleapis.com  x-goog-user-project=37344511156
[debug] [2026-04-08T01:13:32.994Z] >>> [apiv2][query] GET https://serviceusage.googleapis.com/v1/projects/37344511156/services/storage.googleapis.com [none]
[debug] [2026-04-08T01:13:32.994Z] >>> [apiv2][(partial)header] GET https://serviceusage.googleapis.com/v1/projects/37344511156/services/storage.googleapis.com  x-goog-user-project=37344511156
[debug] [2026-04-08T01:13:33.403Z] <<< [apiv2][status] GET https://serviceusage.googleapis.com/v1/projects/37344511156/services/pubsub.googleapis.com 200
[debug] [2026-04-08T01:13:33.403Z] <<< [apiv2][body] GET https://serviceusage.googleapis.com/v1/projects/37344511156/services/pubsub.googleapis.com [omitted]
[info] ✔  functions: required API pubsub.googleapis.com is enabled 
[debug] [2026-04-08T01:13:33.412Z] <<< [apiv2][status] GET https://serviceusage.googleapis.com/v1/projects/37344511156/services/eventarc.googleapis.com 200
[debug] [2026-04-08T01:13:33.413Z] <<< [apiv2][body] GET https://serviceusage.googleapis.com/v1/projects/37344511156/services/eventarc.googleapis.com [omitted]
[warn] ⚠  functions: missing required API eventarc.googleapis.com. Enabling now... 
[debug] [2026-04-08T01:13:33.413Z] Checked if tokens are valid: true, expires at: 1775614237584
[debug] [2026-04-08T01:13:33.413Z] Checked if tokens are valid: true, expires at: 1775614237584
[debug] [2026-04-08T01:13:33.413Z] >>> [apiv2][query] POST https://serviceusage.googleapis.com/v1/projects/37344511156/services/eventarc.googleapis.com:enable [none]
[debug] [2026-04-08T01:13:33.413Z] >>> [apiv2][(partial)header] POST https://serviceusage.googleapis.com/v1/projects/37344511156/services/eventarc.googleapis.com:enable  x-goog-user-project=37344511156
[debug] [2026-04-08T01:13:33.414Z] <<< [apiv2][status] GET https://serviceusage.googleapis.com/v1/projects/37344511156/services/run.googleapis.com 200
[debug] [2026-04-08T01:13:33.414Z] <<< [apiv2][body] GET https://serviceusage.googleapis.com/v1/projects/37344511156/services/run.googleapis.com [omitted]
[warn] ⚠  functions: missing required API run.googleapis.com. Enabling now... 
[debug] [2026-04-08T01:13:33.414Z] Checked if tokens are valid: true, expires at: 1775614237584
[debug] [2026-04-08T01:13:33.415Z] Checked if tokens are valid: true, expires at: 1775614237584
[debug] [2026-04-08T01:13:33.415Z] >>> [apiv2][query] POST https://serviceusage.googleapis.com/v1/projects/37344511156/services/run.googleapis.com:enable [none]
[debug] [2026-04-08T01:13:33.415Z] >>> [apiv2][(partial)header] POST https://serviceusage.googleapis.com/v1/projects/37344511156/services/run.googleapis.com:enable  x-goog-user-project=37344511156
[debug] [2026-04-08T01:13:33.426Z] <<< [apiv2][status] GET https://serviceusage.googleapis.com/v1/projects/37344511156/services/storage.googleapis.com 200
[debug] [2026-04-08T01:13:33.426Z] <<< [apiv2][body] GET https://serviceusage.googleapis.com/v1/projects/37344511156/services/storage.googleapis.com [omitted]
[info] ✔  functions: required API storage.googleapis.com is enabled 
[debug] [2026-04-08T01:13:34.077Z] <<< [apiv2][status] POST https://serviceusage.googleapis.com/v1/projects/37344511156/services/run.googleapis.com:enable 200
[debug] [2026-04-08T01:13:34.078Z] <<< [apiv2][body] POST https://serviceusage.googleapis.com/v1/projects/37344511156/services/run.googleapis.com:enable [omitted]
[debug] [2026-04-08T01:13:34.119Z] <<< [apiv2][status] POST https://serviceusage.googleapis.com/v1/projects/37344511156/services/eventarc.googleapis.com:enable 200
[debug] [2026-04-08T01:13:34.120Z] <<< [apiv2][body] POST https://serviceusage.googleapis.com/v1/projects/37344511156/services/eventarc.googleapis.com:enable [omitted]
[info] i  functions: generating the service identity for pubsub.googleapis.com... 
[debug] [2026-04-08T01:13:44.129Z] Checked if tokens are valid: true, expires at: 1775614237584
[debug] [2026-04-08T01:13:44.130Z] Checked if tokens are valid: true, expires at: 1775614237584
[info] i  functions: generating the service identity for eventarc.googleapis.com... 
[debug] [2026-04-08T01:13:44.130Z] Checked if tokens are valid: true, expires at: 1775614237584
[debug] [2026-04-08T01:13:44.130Z] Checked if tokens are valid: true, expires at: 1775614237584
[debug] [2026-04-08T01:13:44.130Z] >>> [apiv2][query] POST https://serviceusage.googleapis.com/v1beta1/projects/37344511156/services/pubsub.googleapis.com:generateServiceIdentity [none]
[debug] [2026-04-08T01:13:44.130Z] >>> [apiv2][(partial)header] POST https://serviceusage.googleapis.com/v1beta1/projects/37344511156/services/pubsub.googleapis.com:generateServiceIdentity  x-goog-user-project=37344511156
[debug] [2026-04-08T01:13:44.130Z] >>> [apiv2][body] POST https://serviceusage.googleapis.com/v1beta1/projects/37344511156/services/pubsub.googleapis.com:generateServiceIdentity {}
[debug] [2026-04-08T01:13:44.132Z] >>> [apiv2][query] POST https://serviceusage.googleapis.com/v1beta1/projects/37344511156/services/eventarc.googleapis.com:generateServiceIdentity [none]
[debug] [2026-04-08T01:13:44.132Z] >>> [apiv2][(partial)header] POST https://serviceusage.googleapis.com/v1beta1/projects/37344511156/services/eventarc.googleapis.com:generateServiceIdentity  x-goog-user-project=37344511156
[debug] [2026-04-08T01:13:44.132Z] >>> [apiv2][body] POST https://serviceusage.googleapis.com/v1beta1/projects/37344511156/services/eventarc.googleapis.com:generateServiceIdentity {}
[debug] [2026-04-08T01:13:45.096Z] <<< [apiv2][status] POST https://serviceusage.googleapis.com/v1beta1/projects/37344511156/services/eventarc.googleapis.com:generateServiceIdentity 200
[debug] [2026-04-08T01:13:45.097Z] <<< [apiv2][body] POST https://serviceusage.googleapis.com/v1beta1/projects/37344511156/services/eventarc.googleapis.com:generateServiceIdentity {"name":"operations/finished.DONE_OPERATION","done":true,"response":{"@type":"type.googleapis.com/google.api.serviceusage.v1beta1.ServiceIdentity","email":"service-37344511156@gcp-sa-eventarc.iam.gserviceaccount.com","uniqueId":"108912362597331050393"}}
[debug] [2026-04-08T01:13:45.110Z] <<< [apiv2][status] POST https://serviceusage.googleapis.com/v1beta1/projects/37344511156/services/pubsub.googleapis.com:generateServiceIdentity 200
[debug] [2026-04-08T01:13:45.110Z] <<< [apiv2][body] POST https://serviceusage.googleapis.com/v1beta1/projects/37344511156/services/pubsub.googleapis.com:generateServiceIdentity {"name":"operations/finished.DONE_OPERATION","done":true,"response":{"@type":"type.googleapis.com/google.api.serviceusage.v1beta1.ServiceIdentity","email":"service-37344511156@gcp-sa-pubsub.iam.gserviceaccount.com","uniqueId":"101694341489384696559"}}
[debug] [2026-04-08T01:13:45.112Z] Checked if tokens are valid: true, expires at: 1775614237584
[debug] [2026-04-08T01:13:45.112Z] Checked if tokens are valid: true, expires at: 1775614237584
[debug] [2026-04-08T01:13:45.113Z] >>> [apiv2][query] GET https://cloudresourcemanager.googleapis.com/v1/projects/gameify-ctv [none]
[debug] [2026-04-08T01:13:45.369Z] <<< [apiv2][status] GET https://cloudresourcemanager.googleapis.com/v1/projects/gameify-ctv 200
[debug] [2026-04-08T01:13:45.369Z] <<< [apiv2][body] GET https://cloudresourcemanager.googleapis.com/v1/projects/gameify-ctv {"projectNumber":"37344511156","projectId":"gameify-ctv","lifecycleState":"ACTIVE","name":"gameify-ctv","labels":{"firebase":"enabled","firebase-core":"disabled"},"createTime":"2026-04-07T01:25:59.267Z"}
[debug] [2026-04-08T01:13:45.370Z] Checked if tokens are valid: true, expires at: 1775614237584
[debug] [2026-04-08T01:13:45.370Z] Checked if tokens are valid: true, expires at: 1775614237584
[debug] [2026-04-08T01:13:45.370Z] >>> [apiv2][query] GET https://compute.googleapis.com/compute/v1/projects/37344511156 [none]
[debug] [2026-04-08T01:13:45.697Z] <<< [apiv2][status] GET https://compute.googleapis.com/compute/v1/projects/37344511156 403
[debug] [2026-04-08T01:13:45.698Z] <<< [apiv2][body] GET https://compute.googleapis.com/compute/v1/projects/37344511156 {"error":{"code":403,"message":"Compute Engine API has not been used in project 37344511156 before or it is disabled. Enable it by visiting https://console.developers.google.com/apis/api/compute.googleapis.com/overview?project=37344511156 then retry. If you enabled this API recently, wait a few minutes for the action to propagate to our systems and retry.","errors":[{"message":"Compute Engine API has not been used in project 37344511156 before or it is disabled. Enable it by visiting https://console.developers.google.com/apis/api/compute.googleapis.com/overview?project=37344511156 then retry. If you enabled this API recently, wait a few minutes for the action to propagate to our systems and retry.","domain":"usageLimits","reason":"accessNotConfigured","extendedHelp":"https://console.developers.google.com"}],"status":"PERMISSION_DENIED","details":[{"@type":"type.googleapis.com/google.rpc.ErrorInfo","reason":"SERVICE_DISABLED","domain":"googleapis.com","metadata":{"service":"compute.googleapis.com","consumer":"projects/37344511156","activationUrl":"https://console.developers.google.com/apis/api/compute.googleapis.com/overview?project=37344511156","containerInfo":"37344511156","serviceTitle":"Compute Engine API"}},{"@type":"type.googleapis.com/google.rpc.LocalizedMessage","locale":"en-US","message":"Compute Engine API has not been used in project 37344511156 before or it is disabled. Enable it by visiting https://console.developers.google.com/apis/api/compute.googleapis.com/overview?project=37344511156 then retry. If you enabled this API recently, wait a few minutes for the action to propagate to our systems and retry."},{"@type":"type.googleapis.com/google.rpc.Help","links":[{"description":"Google developers console API activation","url":"https://console.developers.google.com/apis/api/compute.googleapis.com/overview?project=37344511156"}]}]}}
[debug] [2026-04-08T01:13:45.698Z] unable to look up default compute service account. Falling back to 37344511156-compute@developer.gserviceaccount.com. Error: {"name":"FirebaseError","children":[],"context":{"body":{"error":{"code":403,"message":"Compute Engine API has not been used in project 37344511156 before or it is disabled. Enable it by visiting https://console.developers.google.com/apis/api/compute.googleapis.com/overview?project=37344511156 then retry. If you enabled this API recently, wait a few minutes for the action to propagate to our systems and retry.","errors":[{"message":"Compute Engine API has not been used in project 37344511156 before or it is disabled. Enable it by visiting https://console.developers.google.com/apis/api/compute.googleapis.com/overview?project=37344511156 then retry. If you enabled this API recently, wait a few minutes for the action to propagate to our systems and retry.","domain":"usageLimits","reason":"accessNotConfigured","extendedHelp":"https://console.developers.google.com"}],"status":"PERMISSION_DENIED","details":[{"@type":"type.googleapis.com/google.rpc.ErrorInfo","reason":"SERVICE_DISABLED","domain":"googleapis.com","metadata":{"service":"compute.googleapis.com","consumer":"projects/37344511156","activationUrl":"https://console.developers.google.com/apis/api/compute.googleapis.com/overview?project=37344511156","containerInfo":"37344511156","serviceTitle":"Compute Engine API"}},{"@type":"type.googleapis.com/google.rpc.LocalizedMessage","locale":"en-US","message":"Compute Engine API has not been used in project 37344511156 before or it is disabled. Enable it by visiting https://console.developers.google.com/apis/api/compute.googleapis.com/overview?project=37344511156 then retry. If you enabled this API recently, wait a few minutes for the action to propagate to our systems and retry."},{"@type":"type.googleapis.com/google.rpc.Help","links":[{"description":"Google developers console API activation","url":"https://console.developers.google.com/apis/api/compute.googleapis.com/overview?project=37344511156"}]}]}},"response":{"statusCode":403}},"exit":1,"message":"Request to https://compute.googleapis.com/compute/v1/projects/37344511156 had HTTP Error: 403, Compute Engine API has not been used in project 37344511156 before or it is disabled. Enable it by visiting https://console.developers.google.com/apis/api/compute.googleapis.com/overview?project=37344511156 then retry. If you enabled this API recently, wait a few minutes for the action to propagate to our systems and retry.","status":403}
[debug] [2026-04-08T01:13:45.700Z] Checked if tokens are valid: true, expires at: 1775614237584
[debug] [2026-04-08T01:13:45.700Z] Checked if tokens are valid: true, expires at: 1775614237584
[debug] [2026-04-08T01:13:45.700Z] >>> [apiv2][query] GET https://cloudbilling.googleapis.com/v1/projects/gameify-ctv/billingInfo [none]
[debug] [2026-04-08T01:13:45.975Z] <<< [apiv2][status] GET https://cloudbilling.googleapis.com/v1/projects/gameify-ctv/billingInfo 200
[debug] [2026-04-08T01:13:45.976Z] <<< [apiv2][body] GET https://cloudbilling.googleapis.com/v1/projects/gameify-ctv/billingInfo {"name":"projects/gameify-ctv/billingInfo","projectId":"gameify-ctv","billingAccountName":"billingAccounts/019898-418B15-1F3DCB","billingEnabled":true}
[debug] [2026-04-08T01:13:45.978Z] [functions] found 1 new HTTP functions, testing setIamPolicy permission...
[debug] [2026-04-08T01:13:45.979Z] Checked if tokens are valid: true, expires at: 1775614237584
[debug] [2026-04-08T01:13:45.979Z] Checked if tokens are valid: true, expires at: 1775614237584
[debug] [2026-04-08T01:13:45.979Z] >>> [apiv2][query] POST https://cloudresourcemanager.googleapis.com/v1/projects/gameify-ctv:testIamPermissions [none]
[debug] [2026-04-08T01:13:45.979Z] >>> [apiv2][(partial)header] POST https://cloudresourcemanager.googleapis.com/v1/projects/gameify-ctv:testIamPermissions  x-goog-user-project=gameify-ctv
[debug] [2026-04-08T01:13:45.979Z] >>> [apiv2][body] POST https://cloudresourcemanager.googleapis.com/v1/projects/gameify-ctv:testIamPermissions {"permissions":["cloudfunctions.functions.setIamPolicy"]}
[debug] [2026-04-08T01:13:46.066Z] <<< [apiv2][status] POST https://cloudresourcemanager.googleapis.com/v1/projects/gameify-ctv:testIamPermissions 200
[debug] [2026-04-08T01:13:46.067Z] <<< [apiv2][body] POST https://cloudresourcemanager.googleapis.com/v1/projects/gameify-ctv:testIamPermissions {"permissions":["cloudfunctions.functions.setIamPolicy"]}
[debug] [2026-04-08T01:13:46.067Z] [functions] found setIamPolicy permission, proceeding with deploy
[debug] [2026-04-08T01:13:46.068Z] Checked if tokens are valid: true, expires at: 1775614237584
[debug] [2026-04-08T01:13:46.068Z] Checked if tokens are valid: true, expires at: 1775614237584
[debug] [2026-04-08T01:13:46.068Z] >>> [apiv2][query] POST https://cloudfunctions.googleapis.com/v2/projects/gameify-ctv/locations/us-central1/functions:generateUploadUrl [none]
[debug] [2026-04-08T01:13:47.380Z] <<< [apiv2][status] POST https://cloudfunctions.googleapis.com/v2/projects/gameify-ctv/locations/us-central1/functions:generateUploadUrl 200
[debug] [2026-04-08T01:13:47.381Z] <<< [apiv2][body] POST https://cloudfunctions.googleapis.com/v2/projects/gameify-ctv/locations/us-central1/functions:generateUploadUrl {"uploadUrl":"https://storage.googleapis.com/gcf-v2-uploads-37344511156.us-central1.cloudfunctions.appspot.com/9397898d-fdd5-40ff-8273-092bc09e0f11.zip?GoogleAccessId=service-37344511156@gcf-admin-robot.iam.gserviceaccount.com&Expires=1775612627&Signature=TyrcqKlDIUHCMbSWR5KoFzx3w8tJGCkkyyNct9Tv5ZrEFzKUvP6D2VLc8ubCqCyIm0HDvckjfWyIQG%2BEdjfMDz81TdphSZlzKpR7wFut8tQAvmZhJ8pFJixSOpu%2BKekj9wH%2FkxWbeE1zQa5AtskeN86Ut%2Bq26mzB1wUNp4PTExaZM6IJW68Gz9%2FDITWkbWxW6CiPf2JaixFhlCztJHAqv2teovo%2BEI3MJEqok%2F%2FY67HirJKknqV14EgyijkhCppJJ21ZZ5Zg8N5mpMAGU3zSaQkIDmnmxVHTY2piTddqWpkAR5K1i8VN%2F3zw7xIwDsClIpr8N54tu9Kf6Ta9Dg17XQ%3D%3D","storageSource":{"bucket":"gcf-v2-uploads-37344511156.us-central1.cloudfunctions.appspot.com","object":"9397898d-fdd5-40ff-8273-092bc09e0f11.zip"}}
[debug] [2026-04-08T01:13:47.383Z] >>> [apiv2][query] PUT https://storage.googleapis.com/gcf-v2-uploads-37344511156.us-central1.cloudfunctions.appspot.com/9397898d-fdd5-40ff-8273-092bc09e0f11.zip GoogleAccessId=service-37344511156%40gcf-admin-robot.iam.gserviceaccount.com&Expires=1775612627&Signature=TyrcqKlDIUHCMbSWR5KoFzx3w8tJGCkkyyNct9Tv5ZrEFzKUvP6D2VLc8ubCqCyIm0HDvckjfWyIQG%2BEdjfMDz81TdphSZlzKpR7wFut8tQAvmZhJ8pFJixSOpu%2BKekj9wH%2FkxWbeE1zQa5AtskeN86Ut%2Bq26mzB1wUNp4PTExaZM6IJW68Gz9%2FDITWkbWxW6CiPf2JaixFhlCztJHAqv2teovo%2BEI3MJEqok%2F%2FY67HirJKknqV14EgyijkhCppJJ21ZZ5Zg8N5mpMAGU3zSaQkIDmnmxVHTY2piTddqWpkAR5K1i8VN%2F3zw7xIwDsClIpr8N54tu9Kf6Ta9Dg17XQ%3D%3D
[debug] [2026-04-08T01:13:47.383Z] >>> [apiv2][body] PUT https://storage.googleapis.com/gcf-v2-uploads-37344511156.us-central1.cloudfunctions.appspot.com/9397898d-fdd5-40ff-8273-092bc09e0f11.zip [stream]
[debug] [2026-04-08T01:13:47.854Z] <<< [apiv2][status] PUT https://storage.googleapis.com/gcf-v2-uploads-37344511156.us-central1.cloudfunctions.appspot.com/9397898d-fdd5-40ff-8273-092bc09e0f11.zip 200
[debug] [2026-04-08T01:13:47.855Z] <<< [apiv2][body] PUT https://storage.googleapis.com/gcf-v2-uploads-37344511156.us-central1.cloudfunctions.appspot.com/9397898d-fdd5-40ff-8273-092bc09e0f11.zip [omitted]
[info] ✔  functions: functions source uploaded successfully 
[info] i  functions: creating Node.js 20 (2nd Gen) function api(us-central1)... 
[debug] [2026-04-08T01:13:47.859Z] Checked if tokens are valid: true, expires at: 1775614237584
[debug] [2026-04-08T01:13:47.860Z] Checked if tokens are valid: true, expires at: 1775614237584
[debug] [2026-04-08T01:13:47.860Z] >>> [apiv2][query] POST https://cloudfunctions.googleapis.com/v2/projects/gameify-ctv/locations/us-central1/functions functionId=api
[debug] [2026-04-08T01:13:47.860Z] >>> [apiv2][body] POST https://cloudfunctions.googleapis.com/v2/projects/gameify-ctv/locations/us-central1/functions {"name":"projects/gameify-ctv/locations/us-central1/functions/api","buildConfig":{"runtime":"nodejs20","entryPoint":"api","source":{"storageSource":{"bucket":"gcf-v2-uploads-37344511156.us-central1.cloudfunctions.appspot.com","object":"9397898d-fdd5-40ff-8273-092bc09e0f11.zip"}},"environmentVariables":{"GOOGLE_NODE_RUN_SCRIPTS":""}},"serviceConfig":{"environmentVariables":{"FIREBASE_CONFIG":"{\"projectId\":\"gameify-ctv\",\"storageBucket\":\"gameify-ctv.firebasestorage.app\"}","GCLOUD_PROJECT":"gameify-ctv","EVENTARC_CLOUD_EVENT_SOURCE":"projects/gameify-ctv/locations/us-central1/services/api","FUNCTION_TARGET":"api","LOG_EXECUTION_ID":"true"},"ingressSettings":null,"timeoutSeconds":null,"serviceAccountEmail":null,"availableMemory":"256Mi","minInstanceCount":null,"maxInstanceCount":null,"maxInstanceRequestConcurrency":80,"availableCpu":"1","vpcConnector":null,"vpcConnectorEgressSettings":null,"directVpcNetworkInterface":null,"directVpcEgress":null},"labels":{"deployment-tool":"cli-firebase","firebase-functions-hash":"036af1bf18fc54cc5345f2f5ed61f5a9b182a30b"}}
[debug] [2026-04-08T01:13:50.227Z] <<< [apiv2][status] POST https://cloudfunctions.googleapis.com/v2/projects/gameify-ctv/locations/us-central1/functions 200
[debug] [2026-04-08T01:13:50.227Z] <<< [apiv2][body] POST https://cloudfunctions.googleapis.com/v2/projects/gameify-ctv/locations/us-central1/functions {"name":"projects/gameify-ctv/locations/us-central1/operations/operation-1775610827961-64ee89ca8f5a2-431c8623-69867786","metadata":{"@type":"type.googleapis.com/google.cloud.functions.v2.OperationMetadata","createTime":"2026-04-08T01:13:50.183975434Z","target":"projects/gameify-ctv/locations/us-central1/functions/api","verb":"create","cancelRequested":false,"apiVersion":"v2"},"done":false}
[debug] [2026-04-08T01:13:50.227Z] Checked if tokens are valid: true, expires at: 1775614237584
[debug] [2026-04-08T01:13:50.227Z] Checked if tokens are valid: true, expires at: 1775614237584
[debug] [2026-04-08T01:13:50.227Z] >>> [apiv2][query] GET https://cloudfunctions.googleapis.com/v2/projects/gameify-ctv/locations/us-central1/operations/operation-1775610827961-64ee89ca8f5a2-431c8623-69867786 [none]
[debug] [2026-04-08T01:13:50.335Z] <<< [apiv2][status] GET https://cloudfunctions.googleapis.com/v2/projects/gameify-ctv/locations/us-central1/operations/operation-1775610827961-64ee89ca8f5a2-431c8623-69867786 200
[debug] [2026-04-08T01:13:50.336Z] <<< [apiv2][body] GET https://cloudfunctions.googleapis.com/v2/projects/gameify-ctv/locations/us-central1/operations/operation-1775610827961-64ee89ca8f5a2-431c8623-69867786 {"name":"projects/gameify-ctv/locations/us-central1/operations/operation-1775610827961-64ee89ca8f5a2-431c8623-69867786","metadata":{"@type":"type.googleapis.com/google.cloud.functions.v2.OperationMetadata","createTime":"2026-04-08T01:13:50.183975434Z","target":"projects/gameify-ctv/locations/us-central1/functions/api","verb":"create","cancelRequested":false,"apiVersion":"v2"},"done":false}
[debug] [2026-04-08T01:13:50.838Z] [create-default-us-central1-api] Retrying task index 0
[debug] [2026-04-08T01:13:50.839Z] Checked if tokens are valid: true, expires at: 1775614237584
[debug] [2026-04-08T01:13:50.839Z] Checked if tokens are valid: true, expires at: 1775614237584
[debug] [2026-04-08T01:13:50.839Z] >>> [apiv2][query] GET https://cloudfunctions.googleapis.com/v2/projects/gameify-ctv/locations/us-central1/operations/operation-1775610827961-64ee89ca8f5a2-431c8623-69867786 [none]
[debug] [2026-04-08T01:13:51.084Z] <<< [apiv2][status] GET https://cloudfunctions.googleapis.com/v2/projects/gameify-ctv/locations/us-central1/operations/operation-1775610827961-64ee89ca8f5a2-431c8623-69867786 200
[debug] [2026-04-08T01:13:51.084Z] <<< [apiv2][body] GET https://cloudfunctions.googleapis.com/v2/projects/gameify-ctv/locations/us-central1/operations/operation-1775610827961-64ee89ca8f5a2-431c8623-69867786 {"name":"projects/gameify-ctv/locations/us-central1/operations/operation-1775610827961-64ee89ca8f5a2-431c8623-69867786","metadata":{"@type":"type.googleapis.com/google.cloud.functions.v2.OperationMetadata","createTime":"2026-04-08T01:13:50.183975434Z","target":"projects/gameify-ctv/locations/us-central1/functions/api","verb":"create","cancelRequested":false,"apiVersion":"v2","requestResource":{"@type":"type.googleapis.com/google.cloud.functions.v2.Function","name":"projects/gameify-ctv/locations/us-central1/functions/api","buildConfig":{"runtime":"nodejs20","entryPoint":"api","source":{"storageSource":{"bucket":"gcf-v2-sources-37344511156-us-central1","object":"api/function-source.zip","generation":"1775610829020107"}},"environmentVariables":{"GOOGLE_NODE_RUN_SCRIPTS":""},"serviceAccount":"projects/gameify-ctv/serviceAccounts/37344511156-compute@developer.gserviceaccount.com","automaticUpdatePolicy":{}},"serviceConfig":{"service":"projects/gameify-ctv/locations/us-central1/services/api","timeoutSeconds":60,"environmentVariables":{"FIREBASE_CONFIG":"{\"projectId\":\"gameify-ctv\",\"storageBucket\":\"gameify-ctv.firebasestorage.app\"}","GCLOUD_PROJECT":"gameify-ctv","EVENTARC_CLOUD_EVENT_SOURCE":"projects/gameify-ctv/locations/us-central1/services/api","FUNCTION_TARGET":"api","LOG_EXECUTION_ID":"true"},"ingressSettings":"ALLOW_ALL","serviceAccountEmail":"37344511156-compute@developer.gserviceaccount.com","availableMemory":"256Mi","maxInstanceRequestConcurrency":80,"availableCpu":"1"},"labels":{"deployment-tool":"cli-firebase","firebase-functions-hash":"036af1bf18fc54cc5345f2f5ed61f5a9b182a30b"},"environment":"GEN_2"},"stages":[{"name":"BUILD","state":"NOT_STARTED","stateMessages":[{"severity":"WARNING","type":"BuildAnalysisWarning","message":"Node.js 20 is no longer supported by the Node.js community as of 30 April, 2026. Node.js 20 will be deprecated on 2026-04-30. We recommend you to upgrade to the latest version of Node.js as soon as possible."}]},{"name":"SERVICE","state":"NOT_STARTED"}],"operationType":"CREATE_FUNCTION"},"done":false}
[debug] [2026-04-08T01:13:52.086Z] [create-default-us-central1-api] Retrying task index 0
[debug] [2026-04-08T01:13:52.087Z] Checked if tokens are valid: true, expires at: 1775614237584
[debug] [2026-04-08T01:13:52.087Z] Checked if tokens are valid: true, expires at: 1775614237584
[debug] [2026-04-08T01:13:52.087Z] >>> [apiv2][query] GET https://cloudfunctions.googleapis.com/v2/projects/gameify-ctv/locations/us-central1/operations/operation-1775610827961-64ee89ca8f5a2-431c8623-69867786 [none]
[debug] [2026-04-08T01:13:52.208Z] <<< [apiv2][status] GET https://cloudfunctions.googleapis.com/v2/projects/gameify-ctv/locations/us-central1/operations/operation-1775610827961-64ee89ca8f5a2-431c8623-69867786 200
[debug] [2026-04-08T01:13:52.208Z] <<< [apiv2][body] GET https://cloudfunctions.googleapis.com/v2/projects/gameify-ctv/locations/us-central1/operations/operation-1775610827961-64ee89ca8f5a2-431c8623-69867786 {"name":"projects/gameify-ctv/locations/us-central1/operations/operation-1775610827961-64ee89ca8f5a2-431c8623-69867786","metadata":{"@type":"type.googleapis.com/google.cloud.functions.v2.OperationMetadata","createTime":"2026-04-08T01:13:50.183975434Z","target":"projects/gameify-ctv/locations/us-central1/functions/api","verb":"create","cancelRequested":false,"apiVersion":"v2","requestResource":{"@type":"type.googleapis.com/google.cloud.functions.v2.Function","name":"projects/gameify-ctv/locations/us-central1/functions/api","buildConfig":{"runtime":"nodejs20","entryPoint":"api","source":{"storageSource":{"bucket":"gcf-v2-sources-37344511156-us-central1","object":"api/function-source.zip","generation":"1775610829020107"}},"environmentVariables":{"GOOGLE_NODE_RUN_SCRIPTS":""},"serviceAccount":"projects/gameify-ctv/serviceAccounts/37344511156-compute@developer.gserviceaccount.com","automaticUpdatePolicy":{}},"serviceConfig":{"service":"projects/gameify-ctv/locations/us-central1/services/api","timeoutSeconds":60,"environmentVariables":{"FIREBASE_CONFIG":"{\"projectId\":\"gameify-ctv\",\"storageBucket\":\"gameify-ctv.firebasestorage.app\"}","GCLOUD_PROJECT":"gameify-ctv","EVENTARC_CLOUD_EVENT_SOURCE":"projects/gameify-ctv/locations/us-central1/services/api","FUNCTION_TARGET":"api","LOG_EXECUTION_ID":"true"},"ingressSettings":"ALLOW_ALL","serviceAccountEmail":"37344511156-compute@developer.gserviceaccount.com","availableMemory":"256Mi","maxInstanceRequestConcurrency":80,"availableCpu":"1"},"labels":{"deployment-tool":"cli-firebase","firebase-functions-hash":"036af1bf18fc54cc5345f2f5ed61f5a9b182a30b"},"environment":"GEN_2"},"stages":[{"name":"BUILD","state":"NOT_STARTED","stateMessages":[{"severity":"WARNING","type":"BuildAnalysisWarning","message":"Node.js 20 is no longer supported by the Node.js community as of 30 April, 2026. Node.js 20 will be deprecated on 2026-04-30. We recommend you to upgrade to the latest version of Node.js as soon as possible."}]},{"name":"SERVICE","state":"NOT_STARTED"}],"operationType":"CREATE_FUNCTION"},"done":false}
[debug] [2026-04-08T01:13:54.210Z] [create-default-us-central1-api] Retrying task index 0
[debug] [2026-04-08T01:13:54.211Z] Checked if tokens are valid: true, expires at: 1775614237584
[debug] [2026-04-08T01:13:54.211Z] Checked if tokens are valid: true, expires at: 1775614237584
[debug] [2026-04-08T01:13:54.211Z] >>> [apiv2][query] GET https://cloudfunctions.googleapis.com/v2/projects/gameify-ctv/locations/us-central1/operations/operation-1775610827961-64ee89ca8f5a2-431c8623-69867786 [none]
[debug] [2026-04-08T01:13:54.523Z] <<< [apiv2][status] GET https://cloudfunctions.googleapis.com/v2/projects/gameify-ctv/locations/us-central1/operations/operation-1775610827961-64ee89ca8f5a2-431c8623-69867786 200
[debug] [2026-04-08T01:13:54.524Z] <<< [apiv2][body] GET https://cloudfunctions.googleapis.com/v2/projects/gameify-ctv/locations/us-central1/operations/operation-1775610827961-64ee89ca8f5a2-431c8623-69867786 {"name":"projects/gameify-ctv/locations/us-central1/operations/operation-1775610827961-64ee89ca8f5a2-431c8623-69867786","metadata":{"@type":"type.googleapis.com/google.cloud.functions.v2.OperationMetadata","createTime":"2026-04-08T01:13:50.183975434Z","target":"projects/gameify-ctv/locations/us-central1/functions/api","verb":"create","cancelRequested":false,"apiVersion":"v2","requestResource":{"@type":"type.googleapis.com/google.cloud.functions.v2.Function","name":"projects/gameify-ctv/locations/us-central1/functions/api","buildConfig":{"runtime":"nodejs20","entryPoint":"api","source":{"storageSource":{"bucket":"gcf-v2-sources-37344511156-us-central1","object":"api/function-source.zip","generation":"1775610829020107"}},"environmentVariables":{"GOOGLE_NODE_RUN_SCRIPTS":""},"serviceAccount":"projects/gameify-ctv/serviceAccounts/37344511156-compute@developer.gserviceaccount.com","automaticUpdatePolicy":{}},"serviceConfig":{"service":"projects/gameify-ctv/locations/us-central1/services/api","timeoutSeconds":60,"environmentVariables":{"FIREBASE_CONFIG":"{\"projectId\":\"gameify-ctv\",\"storageBucket\":\"gameify-ctv.firebasestorage.app\"}","GCLOUD_PROJECT":"gameify-ctv","EVENTARC_CLOUD_EVENT_SOURCE":"projects/gameify-ctv/locations/us-central1/services/api","FUNCTION_TARGET":"api","LOG_EXECUTION_ID":"true"},"ingressSettings":"ALLOW_ALL","serviceAccountEmail":"37344511156-compute@developer.gserviceaccount.com","availableMemory":"256Mi","maxInstanceRequestConcurrency":80,"availableCpu":"1"},"labels":{"deployment-tool":"cli-firebase","firebase-functions-hash":"036af1bf18fc54cc5345f2f5ed61f5a9b182a30b"},"environment":"GEN_2"},"stages":[{"name":"BUILD","state":"NOT_STARTED","stateMessages":[{"severity":"WARNING","type":"BuildAnalysisWarning","message":"Node.js 20 is no longer supported by the Node.js community as of 30 April, 2026. Node.js 20 will be deprecated on 2026-04-30. We recommend you to upgrade to the latest version of Node.js as soon as possible."}]},{"name":"SERVICE","state":"NOT_STARTED"}],"operationType":"CREATE_FUNCTION"},"done":false}
[debug] [2026-04-08T01:13:58.524Z] [create-default-us-central1-api] Retrying task index 0
[debug] [2026-04-08T01:13:58.525Z] Checked if tokens are valid: true, expires at: 1775614237584
[debug] [2026-04-08T01:13:58.525Z] Checked if tokens are valid: true, expires at: 1775614237584
[debug] [2026-04-08T01:13:58.525Z] >>> [apiv2][query] GET https://cloudfunctions.googleapis.com/v2/projects/gameify-ctv/locations/us-central1/operations/operation-1775610827961-64ee89ca8f5a2-431c8623-69867786 [none]
[debug] [2026-04-08T01:13:58.644Z] <<< [apiv2][status] GET https://cloudfunctions.googleapis.com/v2/projects/gameify-ctv/locations/us-central1/operations/operation-1775610827961-64ee89ca8f5a2-431c8623-69867786 200
[debug] [2026-04-08T01:13:58.644Z] <<< [apiv2][body] GET https://cloudfunctions.googleapis.com/v2/projects/gameify-ctv/locations/us-central1/operations/operation-1775610827961-64ee89ca8f5a2-431c8623-69867786 {"name":"projects/gameify-ctv/locations/us-central1/operations/operation-1775610827961-64ee89ca8f5a2-431c8623-69867786","metadata":{"@type":"type.googleapis.com/google.cloud.functions.v2.OperationMetadata","createTime":"2026-04-08T01:13:50.183975434Z","target":"projects/gameify-ctv/locations/us-central1/functions/api","verb":"create","cancelRequested":false,"apiVersion":"v2","requestResource":{"@type":"type.googleapis.com/google.cloud.functions.v2.Function","name":"projects/gameify-ctv/locations/us-central1/functions/api","buildConfig":{"runtime":"nodejs20","entryPoint":"api","source":{"storageSource":{"bucket":"gcf-v2-sources-37344511156-us-central1","object":"api/function-source.zip","generation":"1775610829020107"}},"environmentVariables":{"GOOGLE_NODE_RUN_SCRIPTS":""},"serviceAccount":"projects/gameify-ctv/serviceAccounts/37344511156-compute@developer.gserviceaccount.com","automaticUpdatePolicy":{}},"serviceConfig":{"service":"projects/gameify-ctv/locations/us-central1/services/api","timeoutSeconds":60,"environmentVariables":{"FIREBASE_CONFIG":"{\"projectId\":\"gameify-ctv\",\"storageBucket\":\"gameify-ctv.firebasestorage.app\"}","GCLOUD_PROJECT":"gameify-ctv","EVENTARC_CLOUD_EVENT_SOURCE":"projects/gameify-ctv/locations/us-central1/services/api","FUNCTION_TARGET":"api","LOG_EXECUTION_ID":"true"},"ingressSettings":"ALLOW_ALL","serviceAccountEmail":"37344511156-compute@developer.gserviceaccount.com","availableMemory":"256Mi","maxInstanceRequestConcurrency":80,"availableCpu":"1"},"labels":{"deployment-tool":"cli-firebase","firebase-functions-hash":"036af1bf18fc54cc5345f2f5ed61f5a9b182a30b"},"environment":"GEN_2"},"stages":[{"name":"BUILD","state":"NOT_STARTED","stateMessages":[{"severity":"WARNING","type":"BuildAnalysisWarning","message":"Node.js 20 is no longer supported by the Node.js community as of 30 April, 2026. Node.js 20 will be deprecated on 2026-04-30. We recommend you to upgrade to the latest version of Node.js as soon as possible."}]},{"name":"SERVICE","state":"NOT_STARTED"}],"operationType":"CREATE_FUNCTION"},"done":false}
[debug] [2026-04-08T01:14:06.646Z] [create-default-us-central1-api] Retrying task index 0
[debug] [2026-04-08T01:14:06.647Z] Checked if tokens are valid: true, expires at: 1775614237584
[debug] [2026-04-08T01:14:06.647Z] Checked if tokens are valid: true, expires at: 1775614237584
[debug] [2026-04-08T01:14:06.647Z] >>> [apiv2][query] GET https://cloudfunctions.googleapis.com/v2/projects/gameify-ctv/locations/us-central1/operations/operation-1775610827961-64ee89ca8f5a2-431c8623-69867786 [none]
[debug] [2026-04-08T01:14:06.954Z] <<< [apiv2][status] GET https://cloudfunctions.googleapis.com/v2/projects/gameify-ctv/locations/us-central1/operations/operation-1775610827961-64ee89ca8f5a2-431c8623-69867786 200
[debug] [2026-04-08T01:14:06.955Z] <<< [apiv2][body] GET https://cloudfunctions.googleapis.com/v2/projects/gameify-ctv/locations/us-central1/operations/operation-1775610827961-64ee89ca8f5a2-431c8623-69867786 {"name":"projects/gameify-ctv/locations/us-central1/operations/operation-1775610827961-64ee89ca8f5a2-431c8623-69867786","metadata":{"@type":"type.googleapis.com/google.cloud.functions.v2.OperationMetadata","createTime":"2026-04-08T01:13:50.183975434Z","target":"projects/gameify-ctv/locations/us-central1/functions/api","verb":"create","cancelRequested":false,"apiVersion":"v2","requestResource":{"@type":"type.googleapis.com/google.cloud.functions.v2.Function","name":"projects/gameify-ctv/locations/us-central1/functions/api","buildConfig":{"runtime":"nodejs20","entryPoint":"api","source":{"storageSource":{"bucket":"gcf-v2-sources-37344511156-us-central1","object":"api/function-source.zip","generation":"1775610829020107"}},"environmentVariables":{"GOOGLE_NODE_RUN_SCRIPTS":""},"serviceAccount":"projects/gameify-ctv/serviceAccounts/37344511156-compute@developer.gserviceaccount.com","automaticUpdatePolicy":{}},"serviceConfig":{"service":"projects/gameify-ctv/locations/us-central1/services/api","timeoutSeconds":60,"environmentVariables":{"FIREBASE_CONFIG":"{\"projectId\":\"gameify-ctv\",\"storageBucket\":\"gameify-ctv.firebasestorage.app\"}","GCLOUD_PROJECT":"gameify-ctv","EVENTARC_CLOUD_EVENT_SOURCE":"projects/gameify-ctv/locations/us-central1/services/api","FUNCTION_TARGET":"api","LOG_EXECUTION_ID":"true"},"ingressSettings":"ALLOW_ALL","serviceAccountEmail":"37344511156-compute@developer.gserviceaccount.com","availableMemory":"256Mi","maxInstanceRequestConcurrency":80,"availableCpu":"1"},"labels":{"deployment-tool":"cli-firebase","firebase-functions-hash":"036af1bf18fc54cc5345f2f5ed61f5a9b182a30b"},"environment":"GEN_2"},"stages":[{"name":"BUILD","state":"NOT_STARTED","stateMessages":[{"severity":"WARNING","type":"BuildAnalysisWarning","message":"Node.js 20 is no longer supported by the Node.js community as of 30 April, 2026. Node.js 20 will be deprecated on 2026-04-30. We recommend you to upgrade to the latest version of Node.js as soon as possible."}]},{"name":"SERVICE","state":"NOT_STARTED"}],"operationType":"CREATE_FUNCTION"},"done":false}
[debug] [2026-04-08T01:14:16.956Z] [create-default-us-central1-api] Retrying task index 0
[debug] [2026-04-08T01:14:16.957Z] Checked if tokens are valid: true, expires at: 1775614237584
[debug] [2026-04-08T01:14:16.957Z] Checked if tokens are valid: true, expires at: 1775614237584
[debug] [2026-04-08T01:14:16.957Z] >>> [apiv2][query] GET https://cloudfunctions.googleapis.com/v2/projects/gameify-ctv/locations/us-central1/operations/operation-1775610827961-64ee89ca8f5a2-431c8623-69867786 [none]
[debug] [2026-04-08T01:14:17.250Z] <<< [apiv2][status] GET https://cloudfunctions.googleapis.com/v2/projects/gameify-ctv/locations/us-central1/operations/operation-1775610827961-64ee89ca8f5a2-431c8623-69867786 200
[debug] [2026-04-08T01:14:17.250Z] <<< [apiv2][body] GET https://cloudfunctions.googleapis.com/v2/projects/gameify-ctv/locations/us-central1/operations/operation-1775610827961-64ee89ca8f5a2-431c8623-69867786 {"name":"projects/gameify-ctv/locations/us-central1/operations/operation-1775610827961-64ee89ca8f5a2-431c8623-69867786","metadata":{"@type":"type.googleapis.com/google.cloud.functions.v2.OperationMetadata","createTime":"2026-04-08T01:13:50.183975434Z","target":"projects/gameify-ctv/locations/us-central1/functions/api","verb":"create","cancelRequested":false,"apiVersion":"v2","requestResource":{"@type":"type.googleapis.com/google.cloud.functions.v2.Function","name":"projects/gameify-ctv/locations/us-central1/functions/api","buildConfig":{"runtime":"nodejs20","entryPoint":"api","source":{"storageSource":{"bucket":"gcf-v2-sources-37344511156-us-central1","object":"api/function-source.zip","generation":"1775610829020107"}},"environmentVariables":{"GOOGLE_NODE_RUN_SCRIPTS":""},"serviceAccount":"projects/gameify-ctv/serviceAccounts/37344511156-compute@developer.gserviceaccount.com","automaticUpdatePolicy":{}},"serviceConfig":{"service":"projects/gameify-ctv/locations/us-central1/services/api","timeoutSeconds":60,"environmentVariables":{"FIREBASE_CONFIG":"{\"projectId\":\"gameify-ctv\",\"storageBucket\":\"gameify-ctv.firebasestorage.app\"}","GCLOUD_PROJECT":"gameify-ctv","EVENTARC_CLOUD_EVENT_SOURCE":"projects/gameify-ctv/locations/us-central1/services/api","FUNCTION_TARGET":"api","LOG_EXECUTION_ID":"true"},"ingressSettings":"ALLOW_ALL","serviceAccountEmail":"37344511156-compute@developer.gserviceaccount.com","availableMemory":"256Mi","maxInstanceRequestConcurrency":80,"availableCpu":"1"},"labels":{"deployment-tool":"cli-firebase","firebase-functions-hash":"036af1bf18fc54cc5345f2f5ed61f5a9b182a30b"},"environment":"GEN_2"},"stages":[{"name":"BUILD","message":"Build in progress","state":"IN_PROGRESS","resource":"projects/37344511156/locations/us-central1/builds/0b89f90a-61b8-4bf7-8ebf-b803ab2a3044","resourceUri":"https://console.cloud.google.com/cloud-build/builds;region=us-central1/0b89f90a-61b8-4bf7-8ebf-b803ab2a3044?project=37344511156"},{"name":"SERVICE","state":"NOT_STARTED"}],"operationType":"CREATE_FUNCTION","buildName":"projects/37344511156/locations/us-central1/builds/0b89f90a-61b8-4bf7-8ebf-b803ab2a3044"},"done":false}
[debug] [2026-04-08T01:14:27.252Z] [create-default-us-central1-api] Retrying task index 0
[debug] [2026-04-08T01:14:27.253Z] Checked if tokens are valid: true, expires at: 1775614237584
[debug] [2026-04-08T01:14:27.253Z] Checked if tokens are valid: true, expires at: 1775614237584
[debug] [2026-04-08T01:14:27.253Z] >>> [apiv2][query] GET https://cloudfunctions.googleapis.com/v2/projects/gameify-ctv/locations/us-central1/operations/operation-1775610827961-64ee89ca8f5a2-431c8623-69867786 [none]
[debug] [2026-04-08T01:14:27.571Z] <<< [apiv2][status] GET https://cloudfunctions.googleapis.com/v2/projects/gameify-ctv/locations/us-central1/operations/operation-1775610827961-64ee89ca8f5a2-431c8623-69867786 200
[debug] [2026-04-08T01:14:27.572Z] <<< [apiv2][body] GET https://cloudfunctions.googleapis.com/v2/projects/gameify-ctv/locations/us-central1/operations/operation-1775610827961-64ee89ca8f5a2-431c8623-69867786 {"name":"projects/gameify-ctv/locations/us-central1/operations/operation-1775610827961-64ee89ca8f5a2-431c8623-69867786","metadata":{"@type":"type.googleapis.com/google.cloud.functions.v2.OperationMetadata","createTime":"2026-04-08T01:13:50.183975434Z","target":"projects/gameify-ctv/locations/us-central1/functions/api","verb":"create","cancelRequested":false,"apiVersion":"v2","requestResource":{"@type":"type.googleapis.com/google.cloud.functions.v2.Function","name":"projects/gameify-ctv/locations/us-central1/functions/api","buildConfig":{"runtime":"nodejs20","entryPoint":"api","source":{"storageSource":{"bucket":"gcf-v2-sources-37344511156-us-central1","object":"api/function-source.zip","generation":"1775610829020107"}},"environmentVariables":{"GOOGLE_NODE_RUN_SCRIPTS":""},"serviceAccount":"projects/gameify-ctv/serviceAccounts/37344511156-compute@developer.gserviceaccount.com","automaticUpdatePolicy":{}},"serviceConfig":{"service":"projects/gameify-ctv/locations/us-central1/services/api","timeoutSeconds":60,"environmentVariables":{"FIREBASE_CONFIG":"{\"projectId\":\"gameify-ctv\",\"storageBucket\":\"gameify-ctv.firebasestorage.app\"}","GCLOUD_PROJECT":"gameify-ctv","EVENTARC_CLOUD_EVENT_SOURCE":"projects/gameify-ctv/locations/us-central1/services/api","FUNCTION_TARGET":"api","LOG_EXECUTION_ID":"true"},"ingressSettings":"ALLOW_ALL","serviceAccountEmail":"37344511156-compute@developer.gserviceaccount.com","availableMemory":"256Mi","maxInstanceRequestConcurrency":80,"availableCpu":"1"},"labels":{"deployment-tool":"cli-firebase","firebase-functions-hash":"036af1bf18fc54cc5345f2f5ed61f5a9b182a30b"},"environment":"GEN_2"},"stages":[{"name":"BUILD","message":"Build in progress","state":"IN_PROGRESS","resource":"projects/37344511156/locations/us-central1/builds/0b89f90a-61b8-4bf7-8ebf-b803ab2a3044","resourceUri":"https://console.cloud.google.com/cloud-build/builds;region=us-central1/0b89f90a-61b8-4bf7-8ebf-b803ab2a3044?project=37344511156"},{"name":"SERVICE","state":"NOT_STARTED"}],"operationType":"CREATE_FUNCTION","buildName":"projects/37344511156/locations/us-central1/builds/0b89f90a-61b8-4bf7-8ebf-b803ab2a3044"},"done":false}
[debug] [2026-04-08T01:14:37.574Z] [create-default-us-central1-api] Retrying task index 0
[debug] [2026-04-08T01:14:37.574Z] Checked if tokens are valid: true, expires at: 1775614237584
[debug] [2026-04-08T01:14:37.575Z] Checked if tokens are valid: true, expires at: 1775614237584
[debug] [2026-04-08T01:14:37.575Z] >>> [apiv2][query] GET https://cloudfunctions.googleapis.com/v2/projects/gameify-ctv/locations/us-central1/operations/operation-1775610827961-64ee89ca8f5a2-431c8623-69867786 [none]
[debug] [2026-04-08T01:14:37.891Z] <<< [apiv2][status] GET https://cloudfunctions.googleapis.com/v2/projects/gameify-ctv/locations/us-central1/operations/operation-1775610827961-64ee89ca8f5a2-431c8623-69867786 200
[debug] [2026-04-08T01:14:37.892Z] <<< [apiv2][body] GET https://cloudfunctions.googleapis.com/v2/projects/gameify-ctv/locations/us-central1/operations/operation-1775610827961-64ee89ca8f5a2-431c8623-69867786 {"name":"projects/gameify-ctv/locations/us-central1/operations/operation-1775610827961-64ee89ca8f5a2-431c8623-69867786","metadata":{"@type":"type.googleapis.com/google.cloud.functions.v2.OperationMetadata","createTime":"2026-04-08T01:13:50.183975434Z","target":"projects/gameify-ctv/locations/us-central1/functions/api","verb":"create","cancelRequested":false,"apiVersion":"v2","requestResource":{"@type":"type.googleapis.com/google.cloud.functions.v2.Function","name":"projects/gameify-ctv/locations/us-central1/functions/api","buildConfig":{"runtime":"nodejs20","entryPoint":"api","source":{"storageSource":{"bucket":"gcf-v2-sources-37344511156-us-central1","object":"api/function-source.zip","generation":"1775610829020107"}},"environmentVariables":{"GOOGLE_NODE_RUN_SCRIPTS":""},"serviceAccount":"projects/gameify-ctv/serviceAccounts/37344511156-compute@developer.gserviceaccount.com","automaticUpdatePolicy":{}},"serviceConfig":{"service":"projects/gameify-ctv/locations/us-central1/services/api","timeoutSeconds":60,"environmentVariables":{"FIREBASE_CONFIG":"{\"projectId\":\"gameify-ctv\",\"storageBucket\":\"gameify-ctv.firebasestorage.app\"}","GCLOUD_PROJECT":"gameify-ctv","EVENTARC_CLOUD_EVENT_SOURCE":"projects/gameify-ctv/locations/us-central1/services/api","FUNCTION_TARGET":"api","LOG_EXECUTION_ID":"true"},"ingressSettings":"ALLOW_ALL","serviceAccountEmail":"37344511156-compute@developer.gserviceaccount.com","availableMemory":"256Mi","maxInstanceRequestConcurrency":80,"availableCpu":"1"},"labels":{"deployment-tool":"cli-firebase","firebase-functions-hash":"036af1bf18fc54cc5345f2f5ed61f5a9b182a30b"},"environment":"GEN_2"},"stages":[{"name":"BUILD","message":"Build in progress","state":"IN_PROGRESS","resource":"projects/37344511156/locations/us-central1/builds/0b89f90a-61b8-4bf7-8ebf-b803ab2a3044","resourceUri":"https://console.cloud.google.com/cloud-build/builds;region=us-central1/0b89f90a-61b8-4bf7-8ebf-b803ab2a3044?project=37344511156"},{"name":"SERVICE","state":"NOT_STARTED"}],"operationType":"CREATE_FUNCTION","buildName":"projects/37344511156/locations/us-central1/builds/0b89f90a-61b8-4bf7-8ebf-b803ab2a3044"},"done":false}
[debug] [2026-04-08T01:14:47.893Z] [create-default-us-central1-api] Retrying task index 0
[debug] [2026-04-08T01:14:47.893Z] Checked if tokens are valid: true, expires at: 1775614237584
[debug] [2026-04-08T01:14:47.894Z] Checked if tokens are valid: true, expires at: 1775614237584
[debug] [2026-04-08T01:14:47.894Z] >>> [apiv2][query] GET https://cloudfunctions.googleapis.com/v2/projects/gameify-ctv/locations/us-central1/operations/operation-1775610827961-64ee89ca8f5a2-431c8623-69867786 [none]
[debug] [2026-04-08T01:14:48.213Z] <<< [apiv2][status] GET https://cloudfunctions.googleapis.com/v2/projects/gameify-ctv/locations/us-central1/operations/operation-1775610827961-64ee89ca8f5a2-431c8623-69867786 200
[debug] [2026-04-08T01:14:48.214Z] <<< [apiv2][body] GET https://cloudfunctions.googleapis.com/v2/projects/gameify-ctv/locations/us-central1/operations/operation-1775610827961-64ee89ca8f5a2-431c8623-69867786 {"name":"projects/gameify-ctv/locations/us-central1/operations/operation-1775610827961-64ee89ca8f5a2-431c8623-69867786","metadata":{"@type":"type.googleapis.com/google.cloud.functions.v2.OperationMetadata","createTime":"2026-04-08T01:13:50.183975434Z","endTime":"2026-04-08T01:14:41.457341702Z","target":"projects/gameify-ctv/locations/us-central1/functions/api","verb":"create","cancelRequested":false,"apiVersion":"v2","requestResource":{"@type":"type.googleapis.com/google.cloud.functions.v2.Function","name":"projects/gameify-ctv/locations/us-central1/functions/api","buildConfig":{"runtime":"nodejs20","entryPoint":"api","source":{"storageSource":{"bucket":"gcf-v2-sources-37344511156-us-central1","object":"api/function-source.zip","generation":"1775610829020107"}},"environmentVariables":{"GOOGLE_NODE_RUN_SCRIPTS":""},"serviceAccount":"projects/gameify-ctv/serviceAccounts/37344511156-compute@developer.gserviceaccount.com","automaticUpdatePolicy":{}},"serviceConfig":{"service":"projects/gameify-ctv/locations/us-central1/services/api","timeoutSeconds":60,"environmentVariables":{"FIREBASE_CONFIG":"{\"projectId\":\"gameify-ctv\",\"storageBucket\":\"gameify-ctv.firebasestorage.app\"}","GCLOUD_PROJECT":"gameify-ctv","EVENTARC_CLOUD_EVENT_SOURCE":"projects/gameify-ctv/locations/us-central1/services/api","FUNCTION_TARGET":"api","LOG_EXECUTION_ID":"true"},"ingressSettings":"ALLOW_ALL","serviceAccountEmail":"37344511156-compute@developer.gserviceaccount.com","availableMemory":"256Mi","maxInstanceRequestConcurrency":80,"availableCpu":"1"},"labels":{"deployment-tool":"cli-firebase","firebase-functions-hash":"036af1bf18fc54cc5345f2f5ed61f5a9b182a30b"},"environment":"GEN_2"},"stages":[{"name":"ARTIFACT_REGISTRY","message":"Deleting function artifacts in Artifact Registry","state":"COMPLETE"},{"name":"SERVICE","message":"Deleting Cloud Run service","state":"COMPLETE","resource":"projects/gameify-ctv/locations/us-central1/services/api"}],"operationType":"CREATE_FUNCTION"},"done":true,"error":{"code":3,"message":"Build failed with status: FAILURE. Could not build the function due to a missing permission on the build service account. If you didn't revoke that permission explicitly, this could be caused by a change in the organization policies. Please refer to the following documentation for more details and resolution: https://cloud.google.com/functions/docs/troubleshooting#build-service-account\n You can also view the logs at https://console.cloud.google.com/cloud-build/builds;region=us-central1/0b89f90a-61b8-4bf7-8ebf-b803ab2a3044?project=37344511156.\n"}}
[debug] [2026-04-08T01:14:48.214Z] Got source token undefined for region us-central1
[error] Build failed with status: FAILURE. Could not build the function due to a missing permission on the build service account. If you didn't revoke that permission explicitly, this could be caused by a change in the organization policies. Please refer to the following documentation for more details and resolution: https://cloud.google.com/functions/docs/troubleshooting#build-service-account
 You can also view the logs at https://console.cloud.google.com/cloud-build/builds;region=us-central1/0b89f90a-61b8-4bf7-8ebf-b803ab2a3044?project=37344511156.

[debug] [2026-04-08T01:14:48.221Z] Total Function Deployment time: 60357
[debug] [2026-04-08T01:14:48.221Z] 1 Functions Deployed
[debug] [2026-04-08T01:14:48.221Z] 1 Functions Errored
[debug] [2026-04-08T01:14:48.222Z] 0 Function Deployments Aborted
[debug] [2026-04-08T01:14:48.222Z] Average Function Deployment time: 60357
[info] 
[info] Functions deploy had errors with the following functions:
	api(us-central1)
[debug] [2026-04-08T01:14:48.331Z] Not printing URL for HTTPS function. Typically this means it didn't match a filter or we failed deployment
[debug] [2026-04-08T01:14:48.331Z] Checked if tokens are valid: true, expires at: 1775614237584
[debug] [2026-04-08T01:14:48.331Z] Checked if tokens are valid: true, expires at: 1775614237584
[debug] [2026-04-08T01:14:48.331Z] >>> [apiv2][query] GET https://artifactregistry.googleapis.com/v1/projects/gameify-ctv/locations/us-central1/repositories/gcf-artifacts [none]
[debug] [2026-04-08T01:14:48.798Z] <<< [apiv2][status] GET https://artifactregistry.googleapis.com/v1/projects/gameify-ctv/locations/us-central1/repositories/gcf-artifacts 200
[debug] [2026-04-08T01:14:48.798Z] <<< [apiv2][body] GET https://artifactregistry.googleapis.com/v1/projects/gameify-ctv/locations/us-central1/repositories/gcf-artifacts {"name":"projects/gameify-ctv/locations/us-central1/repositories/gcf-artifacts","format":"DOCKER","description":"This repository is created and used by Cloud Functions for storing function docker images.","labels":{"goog-managed-by":"cloudfunctions"},"createTime":"2026-04-08T01:14:08.798083Z","updateTime":"2026-04-08T01:14:08.798083Z","mode":"STANDARD_REPOSITORY","vulnerabilityScanningConfig":{"lastEnableTime":"2026-04-08T01:14:00.231345105Z","enablementState":"SCANNING_DISABLED","enablementStateReason":"API containerscanning.googleapis.com is not enabled."},"satisfiesPzi":true,"registryUri":"us-central1-docker.pkg.dev/gameify-ctv/gcf-artifacts"}
[warn] ⚠  functions: No cleanup policy detected for repositories in us-central1. This may result in a small monthly bill as container images accumulate over time. 
[info] i  functions: Configuring cleanup policy for repository in us-central1. Images older than 100 days will be automatically deleted. 
[debug] [2026-04-08T01:15:21.161Z] Setting up artifact cleanup policy for region us-central1
[debug] [2026-04-08T01:15:21.162Z] Checked if tokens are valid: true, expires at: 1775614237584
[debug] [2026-04-08T01:15:21.162Z] Checked if tokens are valid: true, expires at: 1775614237584
[debug] [2026-04-08T01:15:21.162Z] >>> [apiv2][query] PATCH https://artifactregistry.googleapis.com/v1/projects/gameify-ctv/locations/us-central1/repositories/gcf-artifacts updateMask=name%2CcleanupPolicies%2CcleanupPolicyDryRun%2Clabels
[debug] [2026-04-08T01:15:21.162Z] >>> [apiv2][body] PATCH https://artifactregistry.googleapis.com/v1/projects/gameify-ctv/locations/us-central1/repositories/gcf-artifacts {"name":"projects/gameify-ctv/locations/us-central1/repositories/gcf-artifacts","cleanupPolicies":{"firebase-functions-cleanup":{"id":"firebase-functions-cleanup","condition":{"tagState":"ANY","olderThan":"8640000s"},"action":"DELETE"}},"cleanupPolicyDryRun":false,"labels":{"goog-managed-by":"cloudfunctions"}}
[debug] [2026-04-08T01:15:21.564Z] <<< [apiv2][status] PATCH https://artifactregistry.googleapis.com/v1/projects/gameify-ctv/locations/us-central1/repositories/gcf-artifacts 200
[debug] [2026-04-08T01:15:21.565Z] <<< [apiv2][body] PATCH https://artifactregistry.googleapis.com/v1/projects/gameify-ctv/locations/us-central1/repositories/gcf-artifacts {"name":"projects/gameify-ctv/locations/us-central1/repositories/gcf-artifacts","format":"DOCKER","description":"This repository is created and used by Cloud Functions for storing function docker images.","labels":{"goog-managed-by":"cloudfunctions"},"createTime":"2026-04-08T01:14:08.798083Z","updateTime":"2026-04-08T01:15:21.500593Z","mode":"STANDARD_REPOSITORY","cleanupPolicies":{"firebase-functions-cleanup":{"id":"firebase-functions-cleanup","action":"DELETE","condition":{"tagState":"ANY","olderThan":"8640000s"}}},"vulnerabilityScanningConfig":{"lastEnableTime":"2026-04-08T01:14:00.231345105Z","enablementState":"SCANNING_DISABLED","enablementStateReason":"API containerscanning.googleapis.com is not enabled."},"satisfiesPzi":true}
[info] i  functions: Configured cleanup policy for repository in us-central1. 
[debug] [2026-04-08T01:15:21.565Z] Functions deploy failed.
[debug] [2026-04-08T01:15:21.566Z] {
  "endpoint": {
    "id": "api",
    "project": "gameify-ctv",
    "region": "us-central1",
    "entryPoint": "api",
    "platform": "gcfv2",
    "runtime": "nodejs20",
    "httpsTrigger": {},
    "labels": {
      "deployment-tool": "cli-firebase"
    },
    "serviceAccount": null,
    "ingressSettings": null,
    "availableMemoryMb": null,
    "timeoutSeconds": null,
    "maxInstances": null,
    "minInstances": null,
    "concurrency": 80,
    "vpc": null,
    "environmentVariables": {
      "FIREBASE_CONFIG": "{\"projectId\":\"gameify-ctv\",\"storageBucket\":\"gameify-ctv.firebasestorage.app\"}",
      "GCLOUD_PROJECT": "gameify-ctv",
      "EVENTARC_CLOUD_EVENT_SOURCE": "projects/gameify-ctv/locations/us-central1/services/api"
    },
    "codebase": "default",
    "cpu": 1,
    "targetedByOnly": false,
    "hash": "036af1bf18fc54cc5345f2f5ed61f5a9b182a30b"
  },
  "op": "create",
  "original": {
    "name": "FirebaseError",
    "children": [],
    "exit": 1,
    "message": "Build failed with status: FAILURE. Could not build the function due to a missing permission on the build service account. If you didn't revoke that permission explicitly, this could be caused by a change in the organization policies. Please refer to the following documentation for more details and resolution: https://cloud.google.com/functions/docs/troubleshooting#build-service-account\n You can also view the logs at https://console.cloud.google.com/cloud-build/builds;region=us-central1/0b89f90a-61b8-4bf7-8ebf-b803ab2a3044?project=37344511156.\n",
    "original": {
      "code": 3,
      "message": "Build failed with status: FAILURE. Could not build the function due to a missing permission on the build service account. If you didn't revoke that permission explicitly, this could be caused by a change in the organization policies. Please refer to the following documentation for more details and resolution: https://cloud.google.com/functions/docs/troubleshooting#build-service-account\n You can also view the logs at https://console.cloud.google.com/cloud-build/builds;region=us-central1/0b89f90a-61b8-4bf7-8ebf-b803ab2a3044?project=37344511156.\n"
    },
    "status": 3,
    "code": 3
  }
}
[debug] [2026-04-08T01:15:21.683Z] Error: Failed to create function api in region us-central1
    at /Users/alexirving/.nvm/versions/node/v20.20.2/lib/node_modules/firebase-tools/lib/deploy/functions/release/fabricator.js:319:27
    at process.processTicksAndRejections (node:internal/process/task_queues:95:5)
    at async Fabricator.createV2Function (/Users/alexirving/.nvm/versions/node/v20.20.2/lib/node_modules/firebase-tools/lib/deploy/functions/release/fabricator.js:298:30)
    at async Fabricator.createEndpoint (/Users/alexirving/.nvm/versions/node/v20.20.2/lib/node_modules/firebase-tools/lib/deploy/functions/release/fabricator.js:140:13)
    at async handle (/Users/alexirving/.nvm/versions/node/v20.20.2/lib/node_modules/firebase-tools/lib/deploy/functions/release/fabricator.js:92:17)
[error] 
[error] Error: There was an error deploying functions
